
> projectmemo@0.1.0 test:e2e
> tsx scripts/setup-e2e.ts && tsx scripts/run-e2e.ts


[e2e setup] generate Prisma Client
Loaded Prisma config from prisma.config.ts.

Prisma schema loaded from prisma\schema.prisma.

✔ Generated Prisma Client (7.8.0) to .\lib\generated\prisma in 576ms


[e2e setup] apply migrations to projectmemo-e2e.db
Loaded Prisma config from prisma.config.ts.

Prisma schema loaded from prisma\schema.prisma.
Datasource "db": SQLite database "projectmemo-e2e.db" at "file:D:/Projects/hongmen/prisma/projectmemo-e2e.db"

17 migrations found in prisma/migrations

Applying migration `20260711000000_init`
Applying migration `20260713000000_agent_loop`
Applying migration `20260715000000_projectmemo_v2`
Applying migration `20260826000000_xiaoyi_adapter_receipts`
Applying migration `20260830000000_temporal_evidence_ledger`
Applying migration `20260912000000_artifact_source_refs`
Applying migration `20260912010000_memory_lifecycle`
Applying migration `20260912020000_project_state_snapshots`
Applying migration `20260912030000_intervention_policy`
Applying migration `20260912040000_action_feasibility`
Applying migration `20260912210000_project_state_recurrence_key`
Applying migration `20260912220000_project_state_sequence`
Applying migration `20260912230000_artifact_claims`
Applying migration `20260914080000_phase1_reliability`
Applying migration `20260915080000_phase2_consistency`
Applying migration `20260915084500_notification_delivery_receipt`
Applying migration `20260915120000_auth_and_project_membership`

The following migration(s) have been applied:

migrations/
  └─ 20260711000000_init/
    └─ migration.sql
  └─ 20260713000000_agent_loop/
    └─ migration.sql
  └─ 20260715000000_projectmemo_v2/
    └─ migration.sql
  └─ 20260826000000_xiaoyi_adapter_receipts/
    └─ migration.sql
  └─ 20260830000000_temporal_evidence_ledger/
    └─ migration.sql
  └─ 20260912000000_artifact_source_refs/
    └─ migration.sql
  └─ 20260912010000_memory_lifecycle/
    └─ migration.sql
  └─ 20260912020000_project_state_snapshots/
    └─ migration.sql
  └─ 20260912030000_intervention_policy/
    └─ migration.sql
  └─ 20260912040000_action_feasibility/
    └─ migration.sql
  └─ 20260912210000_project_state_recurrence_key/
    └─ migration.sql
  └─ 20260912220000_project_state_sequence/
    └─ migration.sql
  └─ 20260912230000_artifact_claims/
    └─ migration.sql
  └─ 20260914080000_phase1_reliability/
    └─ migration.sql
  └─ 20260915080000_phase2_consistency/
    └─ migration.sql
  └─ 20260915084500_notification_delivery_receipt/
    └─ migration.sql
  └─ 20260915120000_auth_and_project_membership/
    └─ migration.sql

All migrations have been successfully applied.

[e2e setup] seed the isolated database
Seed complete: 人工智能创意赛 忆程 ProjectMemo 作品开发 (cmu2r9vhw0000cw8oztogbxy6), 8 captures

[e2e setup] Ready: D:\Projects\hongmen\prisma\projectmemo-e2e.db

[e2e] build isolated production server
▲ Next.js 16.2.11 (Turbopack)
- Environments: .env

  Creating an optimized production build ...
Turbopack build encountered 1 warnings:
./next.config.ts
Encountered unexpected file in NFT list
A file was traced that indicates that the whole project was traced unintentionally. Somewhere in the import trace below, there are:
- filesystem operations (like path.join, path.resolve or fs.readFile), or
- very dynamic requires (like require('./' + foo)).
To resolve this, you can
- remove them if possible, or
- only use them in development, or
- make sure they are statically scoped to some subfolder: path.join(process.cwd(), 'data', bar), or
- add ignore comments: path.join(/*turbopackIgnore: true*/ process.cwd(), bar)

Import trace:
  App Route:
    ./next.config.ts
    ./lib/services/attachmentService.ts
    ./app/api/projects/[id]/attachments/[attachmentId]/retry/route.ts


✓ Compiled successfully in 7.5s
  Running TypeScript ...
  Finished TypeScript in 12.3s ...
  Collecting page data using 27 workers ...
  Generating static pages using 27 workers (0/17) ...
  Generating static pages using 27 workers (4/17) 
  Generating static pages using 27 workers (8/17) 
  Generating static pages using 27 workers (12/17) 
✓ Generating static pages using 27 workers (17/17) in 734ms
  Finalizing page optimization ...

Route (app)
┌ ○ /
├ ○ /_not-found
├ ƒ /api/auth/login
├ ƒ /api/auth/logout
├ ƒ /api/auth/me
├ ƒ /api/projects
├ ƒ /api/projects/[id]
├ ƒ /api/projects/[id]/actions
├ ƒ /api/projects/[id]/actions/[actionId]
├ ƒ /api/projects/[id]/actions/feasibility
├ ƒ /api/projects/[id]/agent/chat
├ ƒ /api/projects/[id]/agent/evaluate
├ ƒ /api/projects/[id]/agent/runs
├ ƒ /api/projects/[id]/agent/tools
├ ƒ /api/projects/[id]/artifacts
├ ƒ /api/projects/[id]/artifacts/[artifactId]/audit
├ ƒ /api/projects/[id]/attachments
├ ƒ /api/projects/[id]/attachments/[attachmentId]/correct
├ ƒ /api/projects/[id]/attachments/[attachmentId]/retry
├ ƒ /api/projects/[id]/attachments/[attachmentId]/revisions
├ ƒ /api/projects/[id]/captures
├ ƒ /api/projects/[id]/cards/[cardId]
├ ƒ /api/projects/[id]/cards/[cardId]/lifecycle
├ ƒ /api/projects/[id]/cards/[cardId]/relations/propose
├ ƒ /api/projects/[id]/cards/archived
├ ƒ /api/projects/[id]/cards/search
├ ƒ /api/projects/[id]/decisions/confirm-change
├ ƒ /api/projects/[id]/decisions/impact-preview
├ ƒ /api/projects/[id]/decisions/timeline
├ ƒ /api/projects/[id]/deliverables
├ ƒ /api/projects/[id]/interventions
├ ƒ /api/projects/[id]/interventions/[interventionId]
├ ƒ /api/projects/[id]/interventions/[interventionId]/deliveries
├ ƒ /api/projects/[id]/interventions/[interventionId]/feedback
├ ƒ /api/projects/[id]/interventions/exposures
├ ƒ /api/projects/[id]/interventions/policy
├ ƒ /api/projects/[id]/interventions/policy/restore
├ ƒ /api/projects/[id]/interventions/policy/suggestion
├ ƒ /api/projects/[id]/meetings/confirm
├ ƒ /api/projects/[id]/meetings/impact-preview
├ ƒ /api/projects/[id]/metrics
├ ƒ /api/projects/[id]/milestones
├ ƒ /api/projects/[id]/milestones/deliverables/[deliverableId]/evidence
├ ƒ /api/projects/[id]/relations/[relationId]/confirm
├ ƒ /api/projects/[id]/relations/[relationId]/revoke
├ ƒ /api/projects/[id]/state
├ ƒ /api/projects/[id]/state/brief
├ ƒ /api/projects/[id]/state/check-in
├ ƒ /api/projects/[id]/state/diff
├ ƒ /api/projects/[id]/state/refresh
├ ƒ /api/settings
├ ƒ /api/settings/probe
├ ƒ /health
├ ○ /icon.svg
├ ○ /login
├ ƒ /projects
├ ƒ /projects/[id]
├ ƒ /projects/[id]/generate
├ ○ /projects/new
├ ƒ /xiaoyi/v1/actions
├ ƒ /xiaoyi/v1/memories
├ ƒ /xiaoyi/v1/memories/search
├ ƒ /xiaoyi/v1/projects/inspect
└ ƒ /xiaoyi/v1/requests/begin


○  (Static)   prerendered as static content
ƒ  (Dynamic)  server-rendered on demand

[e2e] completed with failing result.
[e2e] failure details: test-results/e2e-results.json
