
> projectmemo@0.1.0 harmony:build
> tsx scripts/harmony-build.ts

[harmony-build] DEVECO_SDK_HOME=D:\Program Files\Huawei\DevEco Studio\sdk
[harmony-build] JAVA_HOME=D:\Program Files\Huawei\DevEco Studio\jbr
> hvigor [32mUP-TO-DATE :entry:default@PreBuild...  [39m
> hvigor [32mFinished :entry:default@CreateModuleInfo... after 1 ms [39m
> hvigor [32mUP-TO-DATE :entry:default@GenerateMetadata...  [39m
> hvigor [32mFinished :entry:default@ConfigureCmake... after 1 ms [39m
> hvigor [32mUP-TO-DATE :entry:default@MergeProfile...  [39m
> hvigor [32mUP-TO-DATE :entry:default@CreateBuildProfile...  [39m
> hvigor [32mFinished :entry:default@PreCheckSyscap... after 1 ms [39m
> hvigor [32mUP-TO-DATE :entry:default@GeneratePkgContextInfo...  [39m
> hvigor [32mFinished :entry:default@GeneratePkgSdkInfo... after 4 ms [39m
> hvigor [32mFinished :entry:default@ProcessIntegratedHsp... after 1 ms [39m
> hvigor [32mFinished :entry:default@BuildNativeWithCmake... after 1 ms [39m
> hvigor [32mUP-TO-DATE :entry:default@MakePackInfo...  [39m
> hvigor [32mFinished :entry:default@SyscapTransform... after 14 ms [39m
> hvigor [32mUP-TO-DATE :entry:default@ProcessProfile...  [39m
> hvigor [32mUP-TO-DATE :entry:default@ProcessRouterMap...  [39m
> hvigor [32mUP-TO-DATE :entry:default@ProcessShareConfig...  [39m
> hvigor [32mFinished :entry:default@ProcessStartupConfig... after 3 ms [39m
> hvigor [32mFinished :entry:default@BuildNativeWithNinja... after 1 ms [39m
> hvigor [32mUP-TO-DATE :entry:default@ProcessResource...  [39m
> hvigor [32mUP-TO-DATE :entry:default@GenerateLoaderJson...  [39m
> hvigor [32mUP-TO-DATE :entry:default@ProcessLibs...  [39m
> hvigor [32mUP-TO-DATE :entry:default@CompileResource...  [39m
> hvigor [32mUP-TO-DATE :entry:default@DoNativeStrip...  [39m
> hvigor [32mFinished :entry:default@BuildJS... after 4 ms [39m
> hvigor [32mUP-TO-DATE :entry:default@CacheNativeLibs...  [39m
> hvigor WARN: WARN: ArkTS:WARN File: D:/Projects/hongmen/harmonyos/entry/src/main/ets/pages/Index.ets:111:60
 'getContext' has been deprecated.

WARN: ArkTS:WARN File: D:/Projects/hongmen/harmonyos/entry/src/main/ets/pages/Index.ets:136:5
 Function may throw exceptions. Special handling is required.

WARN: ArkTS:WARN File: D:/Projects/hongmen/harmonyos/entry/src/main/ets/pages/Index.ets:136:18
 'showToast' has been deprecated.

WARN: ArkTS:WARN File: D:/Projects/hongmen/harmonyos/entry/src/main/ets/pages/Index.ets:145:5
 Function may throw exceptions. Special handling is required.

WARN: ArkTS:WARN File: D:/Projects/hongmen/harmonyos/entry/src/main/ets/pages/Index.ets:145:18
 'showToast' has been deprecated.

WARN: ArkTS:WARN File: D:/Projects/hongmen/harmonyos/entry/src/main/ets/pages/Index.ets:149:5
 Function may throw exceptions. Special handling is required.

WARN: ArkTS:WARN File: D:/Projects/hongmen/harmonyos/entry/src/main/ets/pages/Index.ets:149:18
 'showDialog' has been deprecated.

WARN: ArkTS:WARN File: D:/Projects/hongmen/harmonyos/entry/src/main/ets/pages/Index.ets:190:5
 Function may throw exceptions. Special handling is required.

WARN: ArkTS:WARN File: D:/Projects/hongmen/harmonyos/entry/src/main/ets/pages/Index.ets:190:12
 'pushUrl' has been deprecated.

WARN: ArkTS:WARN File: D:/Projects/hongmen/harmonyos/entry/src/main/ets/pages/Index.ets:227:20
 'showToast' has been deprecated.

WARN: ArkTS:WARN File: D:/Projects/hongmen/harmonyos/entry/src/main/ets/pages/Index.ets:382:20
 'showToast' has been deprecated.

WARN: ArkTS:WARN File: D:/Projects/hongmen/harmonyos/entry/src/main/ets/pages/Index.ets:709:14
 'pushUrl' has been deprecated.

WARN: ArkTS:WARN File: D:/Projects/hongmen/harmonyos/entry/src/main/ets/pages/Index.ets:798:30
 'pushUrl' has been deprecated.

WARN: ArkTS:WARN File: D:/Projects/hongmen/harmonyos/entry/src/main/ets/pages/Index.ets:856:30
 'pushUrl' has been deprecated.

WARN: ArkTS:WARN File: D:/Projects/hongmen/harmonyos/entry/src/main/ets/pages/Index.ets:1073:24
 'pushUrl' has been deprecated.

WARN: ArkTS:WARN File: D:/Projects/hongmen/harmonyos/entry/src/main/ets/pages/Index.ets:1697:20
 'pushUrl' has been deprecated.

WARN: ArkTS:WARN File: D:/Projects/hongmen/harmonyos/entry/src/main/ets/pages/Index.ets:2039:28
 'showToast' has been deprecated.

WARN: ArkTS:WARN File: D:/Projects/hongmen/harmonyos/entry/src/main/ets/services/NotificationService.ets:52:33
 'requestEnableNotification' has been deprecated.

WARN: ArkTS:WARN File: D:/Projects/hongmen/harmonyos/entry/src/main/ets/services/NotificationService.ets:90:18
 Function may throw exceptions. Special handling is required.

WARN: ArkTS:WARN File: D:/Projects/hongmen/harmonyos/entry/src/main/ets/components/PMAppBar.ets:49:18
 'back' has been deprecated.

WARN: ArkTS:WARN File: D:/Projects/hongmen/harmonyos/entry/src/main/ets/pages/ProjectHome.ets:178:63
 'getParams' has been deprecated.

WARN: ArkTS:WARN File: D:/Projects/hongmen/harmonyos/entry/src/main/ets/pages/ProjectHome.ets:249:7
 Function may throw exceptions. Special handling is required.

WARN: ArkTS:WARN File: D:/Projects/hongmen/harmonyos/entry/src/main/ets/pages/ProjectHome.ets:249:14
 'pushUrl' has been deprecated.

WARN: ArkTS:WARN File: D:/Projects/hongmen/harmonyos/entry/src/main/ets/pages/ProjectHome.ets:262:39
 'showActionMenu' has been deprecated.

WARN: ArkTS:WARN File: D:/Projects/hongmen/harmonyos/entry/src/main/ets/pages/ProjectHome.ets:692:20
 'showToast' has been deprecated.

WARN: ArkTS:WARN File: D:/Projects/hongmen/harmonyos/entry/src/main/ets/pages/ProjectHome.ets:725:20
 'showToast' has been deprecated.

WARN: ArkTS:WARN File: D:/Projects/hongmen/harmonyos/entry/src/main/ets/pages/ProjectHome.ets:807:20
 'showToast' has been deprecated.

WARN: ArkTS:WARN File: D:/Projects/hongmen/harmonyos/entry/src/main/ets/pages/ProjectHome.ets:810:7
 Function may throw exceptions. Special handling is required.

WARN: ArkTS:WARN File: D:/Projects/hongmen/harmonyos/entry/src/main/ets/pages/ProjectHome.ets:810:20
 'showToast' has been deprecated.

WARN: ArkTS:WARN File: D:/Projects/hongmen/harmonyos/entry/src/main/ets/pages/ProjectHome.ets:853:7
 Function may throw exceptions. Special handling is required.

WARN: ArkTS:WARN File: D:/Projects/hongmen/harmonyos/entry/src/main/ets/pages/ProjectHome.ets:853:20
 'showToast' has been deprecated.

WARN: ArkTS:WARN File: D:/Projects/hongmen/harmonyos/entry/src/main/ets/pages/ProjectHome.ets:865:20
 'showToast' has been deprecated.

WARN: ArkTS:WARN File: D:/Projects/hongmen/harmonyos/entry/src/main/ets/pages/ProjectHome.ets:868:7
 Function may throw exceptions. Special handling is required.

WARN: ArkTS:WARN File: D:/Projects/hongmen/harmonyos/entry/src/main/ets/pages/ProjectHome.ets:868:20
 'showToast' has been deprecated.

WARN: ArkTS:WARN File: D:/Projects/hongmen/harmonyos/entry/src/main/ets/pages/ProjectHome.ets:882:20
 'showToast' has been deprecated.

WARN: ArkTS:WARN File: D:/Projects/hongmen/harmonyos/entry/src/main/ets/pages/ProjectHome.ets:885:7
 Function may throw exceptions. Special handling is required.

WARN: ArkTS:WARN File: D:/Projects/hongmen/harmonyos/entry/src/main/ets/pages/ProjectHome.ets:885:20
 'showToast' has been deprecated.

WARN: ArkTS:WARN File: D:/Projects/hongmen/harmonyos/entry/src/main/ets/pages/ProjectHome.ets:904:7
 Function may throw exceptions. Special handling is required.

WARN: ArkTS:WARN File: D:/Projects/hongmen/harmonyos/entry/src/main/ets/pages/ProjectHome.ets:904:20
 'showToast' has been deprecated.

WARN: ArkTS:WARN File: D:/Projects/hongmen/harmonyos/entry/src/main/ets/pages/ProjectHome.ets:915:7
 Function may throw exceptions. Special handling is required.

WARN: ArkTS:WARN File: D:/Projects/hongmen/harmonyos/entry/src/main/ets/pages/ProjectHome.ets:915:20
 'showToast' has been deprecated.

WARN: ArkTS:WARN File: D:/Projects/hongmen/harmonyos/entry/src/main/ets/pages/ProjectHome.ets:927:20
 'showToast' has been deprecated.

WARN: ArkTS:WARN File: D:/Projects/hongmen/harmonyos/entry/src/main/ets/pages/ProjectHome.ets:929:7
 Function may throw exceptions. Special handling is required.

WARN: ArkTS:WARN File: D:/Projects/hongmen/harmonyos/entry/src/main/ets/pages/ProjectHome.ets:929:20
 'showToast' has been deprecated.

WARN: ArkTS:WARN File: D:/Projects/hongmen/harmonyos/entry/src/main/ets/pages/ProjectHome.ets:942:20
 'showToast' has been deprecated.

WARN: ArkTS:WARN File: D:/Projects/hongmen/harmonyos/entry/src/main/ets/pages/ProjectHome.ets:945:7
 Function may throw exceptions. Special handling is required.

WARN: ArkTS:WARN File: D:/Projects/hongmen/harmonyos/entry/src/main/ets/pages/ProjectHome.ets:945:20
 'showToast' has been deprecated.

WARN: ArkTS:WARN File: D:/Projects/hongmen/harmonyos/entry/src/main/ets/pages/ProjectHome.ets:966:20
 'showToast' has been deprecated.

WARN: ArkTS:WARN File: D:/Projects/hongmen/harmonyos/entry/src/main/ets/pages/ProjectHome.ets:1031:20
 'showToast' has been deprecated.

WARN: ArkTS:WARN File: D:/Projects/hongmen/harmonyos/entry/src/main/ets/pages/ProjectHome.ets:1034:7
 Function may throw exceptions. Special handling is required.

WARN: ArkTS:WARN File: D:/Projects/hongmen/harmonyos/entry/src/main/ets/pages/ProjectHome.ets:1034:20
 'showToast' has been deprecated.

WARN: ArkTS:WARN File: D:/Projects/hongmen/harmonyos/entry/src/main/ets/pages/ProjectHome.ets:1049:20
 'showToast' has been deprecated.

WARN: ArkTS:WARN File: D:/Projects/hongmen/harmonyos/entry/src/main/ets/pages/ProjectHome.ets:1070:5
 Function may throw exceptions. Special handling is required.

WARN: ArkTS:WARN File: D:/Projects/hongmen/harmonyos/entry/src/main/ets/pages/ProjectHome.ets:1071:5
 Function may throw exceptions. Special handling is required.

WARN: ArkTS:WARN File: D:/Projects/hongmen/harmonyos/entry/src/main/ets/pages/ProjectHome.ets:1071:18
 'showToast' has been deprecated.

WARN: ArkTS:WARN File: D:/Projects/hongmen/harmonyos/entry/src/main/ets/pages/ProjectHome.ets:1094:20
 'showToast' has been deprecated.

WARN: ArkTS:WARN File: D:/Projects/hongmen/harmonyos/entry/src/main/ets/pages/ProjectHome.ets:1096:7
 Function may throw exceptions. Special handling is required.

WARN: ArkTS:WARN File: D:/Projects/hongmen/harmonyos/entry/src/main/ets/pages/ProjectHome.ets:1096:20
 'showToast' has been deprecated.

WARN: ArkTS:WARN File: D:/Projects/hongmen/harmonyos/entry/src/main/ets/pages/ProjectHome.ets:1424:20
 'pushUrl' has been deprecated.

WARN: ArkTS:WARN File: D:/Projects/hongmen/harmonyos/entry/src/main/ets/pages/ProjectHome.ets:1439:20
 'pushUrl' has been deprecated.

WARN: ArkTS:WARN File: D:/Projects/hongmen/harmonyos/entry/src/main/ets/pages/ProjectHome.ets:1885:30
 'pushUrl' has been deprecated.

WARN: ArkTS:WARN File: D:/Projects/hongmen/harmonyos/entry/src/main/ets/pages/ProjectHome.ets:3849:22
 'back' has been deprecated.

WARN: ArkTS:WARN File: D:/Projects/hongmen/harmonyos/entry/src/main/ets/pages/InterventionDetail.ets:34:63
 'getParams' has been deprecated.

WARN: ArkTS:WARN File: D:/Projects/hongmen/harmonyos/entry/src/main/ets/pages/InterventionDetail.ets:82:20
 'showToast' has been deprecated.

WARN: ArkTS:WARN File: D:/Projects/hongmen/harmonyos/entry/src/main/ets/pages/InterventionDetail.ets:83:14
 'back' has been deprecated.

WARN: ArkTS:WARN File: D:/Projects/hongmen/harmonyos/entry/src/main/ets/pages/InterventionDetail.ets:121:20
 'showToast' has been deprecated.

WARN: ArkTS:WARN File: D:/Projects/hongmen/harmonyos/entry/src/main/ets/pages/InterventionDetail.ets:122:14
 'back' has been deprecated.

WARN: ArkTS:WARN File: D:/Projects/hongmen/harmonyos/entry/src/main/ets/pages/InterventionDetail.ets:143:20
 'showToast' has been deprecated.

WARN: ArkTS:WARN File: D:/Projects/hongmen/harmonyos/entry/src/main/ets/pages/InterventionDetail.ets:144:14
 'back' has been deprecated.

WARN: ArkTS:WARN File: D:/Projects/hongmen/harmonyos/entry/src/main/ets/pages/InterventionDetail.ets:169:20
 'back' has been deprecated.

WARN: ArkTS:WARN File: D:/Projects/hongmen/harmonyos/entry/src/main/ets/pages/InterventionDetail.ets:180:20
 'back' has been deprecated.

WARN: ArkTS:WARN File: D:/Projects/hongmen/harmonyos/entry/src/main/ets/pages/ActionBoard.ets:44:7
 Function may throw exceptions. Special handling is required.

WARN: ArkTS:WARN File: D:/Projects/hongmen/harmonyos/entry/src/main/ets/pages/ActionBoard.ets:44:20
 'showToast' has been deprecated.

WARN: ArkTS:WARN File: D:/Projects/hongmen/harmonyos/entry/src/main/ets/pages/ActionBoard.ets:73:7
 Function may throw exceptions. Special handling is required.

WARN: ArkTS:WARN File: D:/Projects/hongmen/harmonyos/entry/src/main/ets/pages/ActionBoard.ets:73:20
 'showToast' has been deprecated.

WARN: ArkTS:WARN File: D:/Projects/hongmen/harmonyos/entry/src/main/ets/pages/ActionBoard.ets:104:7
 Function may throw exceptions. Special handling is required.

WARN: ArkTS:WARN File: D:/Projects/hongmen/harmonyos/entry/src/main/ets/pages/ActionBoard.ets:104:20
 'showToast' has been deprecated.

WARN: ArkTS:WARN File: D:/Projects/hongmen/harmonyos/entry/src/main/ets/pages/ActionBoard.ets:114:20
 'showToast' has been deprecated.

WARN: ArkTS:WARN File: D:/Projects/hongmen/harmonyos/entry/src/main/ets/pages/ActionBoard.ets:118:7
 Function may throw exceptions. Special handling is required.

WARN: ArkTS:WARN File: D:/Projects/hongmen/harmonyos/entry/src/main/ets/pages/ActionBoard.ets:118:20
 'showToast' has been deprecated.

WARN: ArkTS:WARN File: D:/Projects/hongmen/harmonyos/entry/src/main/ets/pages/ActionBoard.ets:125:63
 'getParams' has been deprecated.

WARN: ArkTS:WARN File: D:/Projects/hongmen/harmonyos/entry/src/main/ets/pages/ActionBoard.ets:177:7
 Function may throw exceptions. Special handling is required.

WARN: ArkTS:WARN File: D:/Projects/hongmen/harmonyos/entry/src/main/ets/pages/ActionBoard.ets:177:20
 'showToast' has been deprecated.

WARN: ArkTS:WARN File: D:/Projects/hongmen/harmonyos/entry/src/main/ets/pages/ActionBoard.ets:211:20
 'showToast' has been deprecated.

WARN: ArkTS:WARN File: D:/Projects/hongmen/harmonyos/entry/src/main/ets/pages/ActionBoard.ets:231:20
 'showToast' has been deprecated.

WARN: ArkTS:WARN File: D:/Projects/hongmen/harmonyos/entry/src/main/ets/pages/ActionBoard.ets:235:9
 Function may throw exceptions. Special handling is required.

WARN: ArkTS:WARN File: D:/Projects/hongmen/harmonyos/entry/src/main/ets/pages/ActionBoard.ets:235:22
 'showToast' has been deprecated.

WARN: ArkTS:WARN File: D:/Projects/hongmen/harmonyos/entry/src/main/ets/pages/ActionBoard.ets:237:9
 Function may throw exceptions. Special handling is required.

WARN: ArkTS:WARN File: D:/Projects/hongmen/harmonyos/entry/src/main/ets/pages/ActionBoard.ets:237:22
 'showToast' has been deprecated.

WARN: ArkTS:WARN File: D:/Projects/hongmen/harmonyos/entry/src/main/ets/pages/ActionBoard.ets:391:22
 'back' has been deprecated.

WARN: ArkTS:WARN File: D:/Projects/hongmen/harmonyos/entry/src/main/ets/pages/ActionBoard.ets:409:22
 'back' has been deprecated.

WARN: ArkTS:WARN File: D:/Projects/hongmen/harmonyos/entry/src/main/ets/pages/MemoryTimeline.ets:32:63
 'getParams' has been deprecated.

WARN: ArkTS:WARN File: D:/Projects/hongmen/harmonyos/entry/src/main/ets/pages/MemoryTimeline.ets:537:20
 'back' has been deprecated.

WARN: ArkTS:WARN File: D:/Projects/hongmen/harmonyos/entry/src/main/ets/pages/MemoryTimeline.ets:555:20
 'back' has been deprecated.

WARN: ArkTS:WARN File: D:/Projects/hongmen/harmonyos/entry/src/main/ets/pages/LoginPage.ets:11:18
 'replaceUrl' has been deprecated.


> hvigor [32mFinished :entry:default@CompileArkTS... after 11 s 978 ms [39m
> hvigor [32mUP-TO-DATE :entry:default@GeneratePkgModuleJson...  [39m
> hvigor [32mFinished :entry:default@ProcessCompiledResources... after 1 ms [39m
> hvigor [32mFinished :entry:default@PackageHap... after 554 ms [39m
> hvigor [32mFinished :entry:default@PackingCheck... after 10 ms [39m
> hvigor WARN: Will skip sign 'hos_hap'. No signingConfigs profile is configured in current project.
             If needed, configure the signingConfigs in D:\Projects\hongmen\harmonyos\build-profile.json5.
> hvigor [32mFinished :entry:default@SignHap... after 3 ms [39m
> hvigor [32mFinished :entry:default@CollectDebugSymbol... after 2 ms [39m
> hvigor [32mFinished :entry:assembleHap... after 1 ms [39m
> hvigor [32mBUILD SUCCESSFUL in 21 s 125 ms [39m

[harmony-build] HAP: harmonyos\entry\build\default\outputs\default\entry-default-unsigned.hap
[harmony-build] size: 3082773 bytes
[harmony-build] sha256: dff683012856eceb6969e721fff025edffa477cc1d0ae54a3adf58ef27fe6415
